accident
aches
adrenaline
afraid
agoraphobia
alcohol
anafranil
anger
anxiety
anxious
apartment
asleep
attack
attacks
beer
behavioral
blood
body
book
books
boyfriend
brain
breathing
brother
calm
cancer
car
cat
cbt
chest
chronic
class
college
conversation
cope
counseling
counselor
cried
crippling
cry
crying
dad
danger
depersonalization
depressed
depression
diagnosed
die
diet
disability
disorder
disorders
doctor
doctors
dog
dogs
dread
dream
dreams
drink
drinking
drugs
dying
eat
eating
esteem
exam
exercise
exercises
facebook
family
father
fear
fears
fight
friend
friends
game
girl
god
google
habit
happy
hate
health
homework
hospital
hypnotherapy
illness
insurance
internet
job
kids
kitchen
laugh
lonely
lose
losing
love
medical
medication
medications
meditation
meds
mental
mom
money
mother
motivation
muscles
music
nausea
nauseous
neighbor
nerves
nervous
nightmare
nightmares
ocd
pain
panic
paralysis
paranoid
parents
personality
pet
phobia
physical
prescribe
prescription
problem
problems
professor
professors
progress
psychiatrist
psychological
psychologist
relationship
relax
relaxed
relaxing
relief
restaurant
routine
sad
scared
scary
school
semester
sharing
sick
sister
sleep
social
song
stomach
stress
stressed
stressful
student
students
suffering
sweat
symptom
symptoms
tea
tension
therapist
therapists
therapy
throat
treat
treatment
trust
university
walking
water
weight
wife
wisdom
work
worried
worries
worry
yoga
